// Jest Snapshot v1, https://goo.gl/fbAQLP

exports[`<ShowMore /> spec renders the component 1`] = `undefined`;
